-- faults --
div0: division by zero
mod0: modulo by zero
overflow: integer overflow in Add
underflow: integer overflow in Sub
shift_hi: shift amount 99 out of range (0..64)
shift_neg: shift amount -1 out of range (0..64)
shift_ovf63: integer overflow in Shl
fdiv0: ok inf
-- numbers --
9223372036854775807
-9223372036854775808
3
-3
1
-1
2.0
3.5
2.5
3.5
3
1024
15
15
5
-- collections --
[]
{}
Set()
0
[[1, 2], [3]]
{a: [1, 2], b: []}
(1, x, true)
[(1, 2), (3, 4)]
[10, 7, 3, 4]
Some(4)
[10, 7, 3]
Some(1)
None
true
Some(1)
1
4
1
2
-- slicing --
[20, 30]
[10, 20, 30, 40, 50]
[]
[]
[30, 40, 50]
[10, 20]
[10, 30, 50]
[50, 40, 30, 20, 10]
[40, 50]
50
he
ello
l
olleh
-- index faults --
list_oob: index 9 out of bounds (len 3)
list_neg: index -100 out of bounds (len 3)
str_oob: index 5 out of bounds (len 2)
missing_key: key not found
-- truthiness --
empty
true
false
true
false
-- shadowing --
100
1
-- closures --
10
6
11
-- defer --
body
first
second
third
cleanup ran
caught boom
-- comprehensions --
[1, 4, 9, 16, 25, 36]
[2, 4, 6]
{1, 2, 0}
{1: 1, 2: 4, 3: 9}
