name    = alice
count   = 3
verbose = true
pos     = --extra pos
live name = alice
verbose=1 -> true
verbose=F -> false
err: unknown flag --nope
err: flag --name: missing value
err: flag --count: cannot parse 'abc' as an integer
--- usage ---
  --name (str) default=world: who to greet
  --count (int) default=1: how many times
  --verbose (bool) default=false: chatty output
--- help ---
flag: help requested
  --name (str) default=world: who to greet
